Archive member included because of file (symbol)

c:/winavr-20080512/bin/../lib/gcc/avr/4.3.0/avr5\libgcc.a(_divmodhi4.o)
                              ./main.o (__divmodhi4)
c:/winavr-20080512/bin/../lib/gcc/avr/4.3.0/avr5\libgcc.a(_exit.o)
                              c:/winavr-20080512/bin/../lib/gcc/avr/4.3.0/../../../../avr/lib/avr5/crtm16.o (exit)
c:/winavr-20080512/bin/../lib/gcc/avr/4.3.0/avr5\libgcc.a(_copy_data.o)
                              ./hd44780.o (__do_copy_data)
c:/winavr-20080512/bin/../lib/gcc/avr/4.3.0/avr5\libgcc.a(_clear_bss.o)
                              ./hd44780.o (__do_clear_bss)
c:/winavr-20080512/bin/../lib/gcc/avr/4.3.0/avr5\libgcc.a(_si_to_sf.o)
                              ./main.o (__floatsisf)
c:/winavr-20080512/bin/../lib/gcc/avr/4.3.0/avr5\libgcc.a(_udivmodhi4.o)
                              c:/winavr-20080512/bin/../lib/gcc/avr/4.3.0/avr5\libgcc.a(_divmodhi4.o) (__udivmodhi4)
c:/winavr-20080512/bin/../lib/gcc/avr/4.3.0/avr5\libgcc.a(_prologue.o)
                              c:/winavr-20080512/bin/../lib/gcc/avr/4.3.0/avr5\libgcc.a(_si_to_sf.o) (__prologue_saves__)
c:/winavr-20080512/bin/../lib/gcc/avr/4.3.0/avr5\libgcc.a(_epilogue.o)
                              c:/winavr-20080512/bin/../lib/gcc/avr/4.3.0/avr5\libgcc.a(_si_to_sf.o) (__epilogue_restores__)
c:/winavr-20080512/bin/../lib/gcc/avr/4.3.0/avr5\libgcc.a(_clzsi2.o)
                              c:/winavr-20080512/bin/../lib/gcc/avr/4.3.0/avr5\libgcc.a(_si_to_sf.o) (__clzsi2)
c:/winavr-20080512/bin/../lib/gcc/avr/4.3.0/avr5\libgcc.a(_pack_sf.o)
                              c:/winavr-20080512/bin/../lib/gcc/avr/4.3.0/avr5\libgcc.a(_si_to_sf.o) (__pack_f)
c:/winavr-20080512/bin/../lib/gcc/avr/4.3.0/avr5\libgcc.a(_clz.o)
                              c:/winavr-20080512/bin/../lib/gcc/avr/4.3.0/avr5\libgcc.a(_clzsi2.o) (__clz_tab)

Allocating common symbols
Common symbol       size              file

odl0                0x2               ./main.o
flaga               0x2               ./main.o
licznik             0x2               ./main.o

Memory Configuration

Name             Origin             Length             Attributes
text             0x00000000         0x00020000         xr
data             0x00800060         0x0000ffa0         rw !x
eeprom           0x00810000         0x00010000         rw !x
fuse             0x00820000         0x00000400         rw !x
lock             0x00830000         0x00000400         rw !x
signature        0x00840000         0x00000400         rw !x
*default*        0x00000000         0xffffffff

Linker script and memory map

LOAD c:/winavr-20080512/bin/../lib/gcc/avr/4.3.0/../../../../avr/lib/avr5/crtm16.o
LOAD ./hd44780.o
LOAD ./main.o
LOAD c:/winavr-20080512/bin/../lib/gcc/avr/4.3.0/avr5\libgcc.a
LOAD c:/winavr-20080512/bin/../lib/gcc/avr/4.3.0/../../../../avr/lib/avr5\libc.a
LOAD c:/winavr-20080512/bin/../lib/gcc/avr/4.3.0/avr5\libgcc.a

.hash
 *(.hash)

.dynsym
 *(.dynsym)

.dynstr
 *(.dynstr)

.gnu.version
 *(.gnu.version)

.gnu.version_d
 *(.gnu.version_d)

.gnu.version_r
 *(.gnu.version_r)

.rel.init
 *(.rel.init)

.rela.init
 *(.rela.init)

.rel.text
 *(.rel.text)
 *(.rel.text.*)
 *(.rel.gnu.linkonce.t*)

.rela.text
 *(.rela.text)
 *(.rela.text.*)
 *(.rela.gnu.linkonce.t*)

.rel.fini
 *(.rel.fini)

.rela.fini
 *(.rela.fini)

.rel.rodata
 *(.rel.rodata)
 *(.rel.rodata.*)
 *(.rel.gnu.linkonce.r*)

.rela.rodata
 *(.rela.rodata)
 *(.rela.rodata.*)
 *(.rela.gnu.linkonce.r*)

.rel.data
 *(.rel.data)
 *(.rel.data.*)
 *(.rel.gnu.linkonce.d*)

.rela.data
 *(.rela.data)
 *(.rela.data.*)
 *(.rela.gnu.linkonce.d*)

.rel.ctors
 *(.rel.ctors)

.rela.ctors
 *(.rela.ctors)

.rel.dtors
 *(.rel.dtors)

.rela.dtors
 *(.rela.dtors)

.rel.got
 *(.rel.got)

.rela.got
 *(.rela.got)

.rel.bss
 *(.rel.bss)

.rela.bss
 *(.rela.bss)

.rel.plt
 *(.rel.plt)

.rela.plt
 *(.rela.plt)

.text           0x00000000      0x74c
 *(.vectors)
 .vectors       0x00000000       0x54 c:/winavr-20080512/bin/../lib/gcc/avr/4.3.0/../../../../avr/lib/avr5/crtm16.o
                0x00000000                __vectors
                0x00000000                __vector_default
 *(.vectors)
 *(.progmem.gcc*)
 *(.progmem*)
                0x00000054                . = ALIGN (0x2)
                0x00000054                __trampolines_start = .
 *(.trampolines)
 .trampolines   0x00000054        0x0 linker stubs
 *(.trampolines*)
                0x00000054                __trampolines_end = .
 *(.jumptables)
 *(.jumptables*)
 *(.lowtext)
 *(.lowtext*)
                0x00000054                __ctors_start = .
 *(.ctors)
                0x00000054                __ctors_end = .
                0x00000054                __dtors_start = .
 *(.dtors)
                0x00000054                __dtors_end = .
 SORT(*)(.ctors)
 SORT(*)(.dtors)
 *(.init0)
 .init0         0x00000054        0x0 c:/winavr-20080512/bin/../lib/gcc/avr/4.3.0/../../../../avr/lib/avr5/crtm16.o
                0x00000054                __init
 *(.init0)
 *(.init1)
 *(.init1)
 *(.init2)
 .init2         0x00000054        0xc c:/winavr-20080512/bin/../lib/gcc/avr/4.3.0/../../../../avr/lib/avr5/crtm16.o
 *(.init2)
 *(.init3)
 *(.init3)
 *(.init4)
 .init4         0x00000060       0x16 c:/winavr-20080512/bin/../lib/gcc/avr/4.3.0/avr5\libgcc.a(_copy_data.o)
                0x00000060                __do_copy_data
 .init4         0x00000076       0x10 c:/winavr-20080512/bin/../lib/gcc/avr/4.3.0/avr5\libgcc.a(_clear_bss.o)
                0x00000076                __do_clear_bss
 *(.init4)
 *(.init5)
 *(.init5)
 *(.init6)
 *(.init6)
 *(.init7)
 *(.init7)
 *(.init8)
 *(.init8)
 *(.init9)
 .init9         0x00000086        0x8 c:/winavr-20080512/bin/../lib/gcc/avr/4.3.0/../../../../avr/lib/avr5/crtm16.o
 *(.init9)
 *(.text)
 .text          0x0000008e        0x4 c:/winavr-20080512/bin/../lib/gcc/avr/4.3.0/../../../../avr/lib/avr5/crtm16.o
                0x0000008e                __vector_12
                0x0000008e                __bad_interrupt
                0x0000008e                __vector_6
                0x0000008e                __vector_11
                0x0000008e                __vector_13
                0x0000008e                __vector_17
                0x0000008e                __vector_19
                0x0000008e                __vector_7
                0x0000008e                __vector_5
                0x0000008e                __vector_4
                0x0000008e                __vector_9
                0x0000008e                __vector_2
                0x0000008e                __vector_15
                0x0000008e                __vector_8
                0x0000008e                __vector_14
                0x0000008e                __vector_10
                0x0000008e                __vector_16
                0x0000008e                __vector_18
                0x0000008e                __vector_20
 .text          0x00000092      0x126 ./hd44780.o
                0x000000bc                _LCD_Write
                0x0000010a                LCD_GoTo
                0x0000011e                LCD_Clear
                0x000000f0                LCD_WriteText
                0x00000092                _LCD_OutNibble
                0x0000013e                LCD_Initalize
                0x0000012e                LCD_Home
                0x000000e8                LCD_WriteData
                0x000000e0                LCD_WriteCommand
 .text          0x000001b8      0x1d0 ./main.o
                0x000002b0                __vector_1
                0x000001c6                nadaj
                0x00000282                __vector_3
                0x000001f4                l_pomiar
                0x000001ce                uart_ischar
                0x000001d4                uart_getc
                0x00000228                main
                0x000001dc                InitInterrupt
                0x000001b8                start
 .text          0x00000388        0x0 c:/winavr-20080512/bin/../lib/gcc/avr/4.3.0/avr5\libgcc.a(_divmodhi4.o)
 .text          0x00000388        0x0 c:/winavr-20080512/bin/../lib/gcc/avr/4.3.0/avr5\libgcc.a(_exit.o)
 .text          0x00000388        0x0 c:/winavr-20080512/bin/../lib/gcc/avr/4.3.0/avr5\libgcc.a(_copy_data.o)
 .text          0x00000388        0x0 c:/winavr-20080512/bin/../lib/gcc/avr/4.3.0/avr5\libgcc.a(_clear_bss.o)
 .text          0x00000388       0xbc c:/winavr-20080512/bin/../lib/gcc/avr/4.3.0/avr5\libgcc.a(_si_to_sf.o)
                0x00000388                __floatsisf
 .text          0x00000444        0x0 c:/winavr-20080512/bin/../lib/gcc/avr/4.3.0/avr5\libgcc.a(_udivmodhi4.o)
 .text          0x00000444        0x0 c:/winavr-20080512/bin/../lib/gcc/avr/4.3.0/avr5\libgcc.a(_prologue.o)
 .text          0x00000444        0x0 c:/winavr-20080512/bin/../lib/gcc/avr/4.3.0/avr5\libgcc.a(_epilogue.o)
 .text          0x00000444       0x9e c:/winavr-20080512/bin/../lib/gcc/avr/4.3.0/avr5\libgcc.a(_clzsi2.o)
                0x00000444                __clzsi2
 .text          0x000004e2      0x1aa c:/winavr-20080512/bin/../lib/gcc/avr/4.3.0/avr5\libgcc.a(_pack_sf.o)
                0x000004e2                __pack_f
 .text          0x0000068c        0x0 c:/winavr-20080512/bin/../lib/gcc/avr/4.3.0/avr5\libgcc.a(_clz.o)
                0x0000068c                . = ALIGN (0x2)
 *(.text.*)
 .text.libgcc   0x0000068c       0x26 c:/winavr-20080512/bin/../lib/gcc/avr/4.3.0/avr5\libgcc.a(_divmodhi4.o)
                0x0000068c                __divmodhi4
                0x0000068c                _div
 .text.libgcc   0x000006b2        0x0 c:/winavr-20080512/bin/../lib/gcc/avr/4.3.0/avr5\libgcc.a(_exit.o)
 .text.libgcc   0x000006b2        0x0 c:/winavr-20080512/bin/../lib/gcc/avr/4.3.0/avr5\libgcc.a(_copy_data.o)
 .text.libgcc   0x000006b2        0x0 c:/winavr-20080512/bin/../lib/gcc/avr/4.3.0/avr5\libgcc.a(_clear_bss.o)
 .text.libgcc   0x000006b2       0x28 c:/winavr-20080512/bin/../lib/gcc/avr/4.3.0/avr5\libgcc.a(_udivmodhi4.o)
                0x000006b2                __udivmodhi4
 .text.libgcc   0x000006da       0x38 c:/winavr-20080512/bin/../lib/gcc/avr/4.3.0/avr5\libgcc.a(_prologue.o)
                0x000006da                __prologue_saves__
 .text.libgcc   0x00000712       0x36 c:/winavr-20080512/bin/../lib/gcc/avr/4.3.0/avr5\libgcc.a(_epilogue.o)
                0x00000712                __epilogue_restores__
                0x00000748                . = ALIGN (0x2)
 *(.fini9)
 .fini9         0x00000748        0x0 c:/winavr-20080512/bin/../lib/gcc/avr/4.3.0/avr5\libgcc.a(_exit.o)
                0x00000748                exit
                0x00000748                _exit
 *(.fini9)
 *(.fini8)
 *(.fini8)
 *(.fini7)
 *(.fini7)
 *(.fini6)
 *(.fini6)
 *(.fini5)
 *(.fini5)
 *(.fini4)
 *(.fini4)
 *(.fini3)
 *(.fini3)
 *(.fini2)
 *(.fini2)
 *(.fini1)
 *(.fini1)
 *(.fini0)
 .fini0         0x00000748        0x4 c:/winavr-20080512/bin/../lib/gcc/avr/4.3.0/avr5\libgcc.a(_exit.o)
 *(.fini0)
                0x0000074c                _etext = .

.data           0x00800060      0x100 load address 0x0000074c
                0x00800060                PROVIDE (__data_start, .)
 *(.data)
 .data          0x00800060        0x0 c:/winavr-20080512/bin/../lib/gcc/avr/4.3.0/../../../../avr/lib/avr5/crtm16.o
 .data          0x00800060        0x0 ./hd44780.o
 .data          0x00800060        0x0 ./main.o
 .data          0x00800060        0x0 c:/winavr-20080512/bin/../lib/gcc/avr/4.3.0/avr5\libgcc.a(_divmodhi4.o)
 .data          0x00800060        0x0 c:/winavr-20080512/bin/../lib/gcc/avr/4.3.0/avr5\libgcc.a(_exit.o)
 .data          0x00800060        0x0 c:/winavr-20080512/bin/../lib/gcc/avr/4.3.0/avr5\libgcc.a(_copy_data.o)
 .data          0x00800060        0x0 c:/winavr-20080512/bin/../lib/gcc/avr/4.3.0/avr5\libgcc.a(_clear_bss.o)
 .data          0x00800060        0x0 c:/winavr-20080512/bin/../lib/gcc/avr/4.3.0/avr5\libgcc.a(_si_to_sf.o)
 .data          0x00800060        0x0 c:/winavr-20080512/bin/../lib/gcc/avr/4.3.0/avr5\libgcc.a(_udivmodhi4.o)
 .data          0x00800060        0x0 c:/winavr-20080512/bin/../lib/gcc/avr/4.3.0/avr5\libgcc.a(_prologue.o)
 .data          0x00800060        0x0 c:/winavr-20080512/bin/../lib/gcc/avr/4.3.0/avr5\libgcc.a(_epilogue.o)
 .data          0x00800060        0x0 c:/winavr-20080512/bin/../lib/gcc/avr/4.3.0/avr5\libgcc.a(_clzsi2.o)
 .data          0x00800060        0x0 c:/winavr-20080512/bin/../lib/gcc/avr/4.3.0/avr5\libgcc.a(_pack_sf.o)
 .data          0x00800060      0x100 c:/winavr-20080512/bin/../lib/gcc/avr/4.3.0/avr5\libgcc.a(_clz.o)
                0x00800060                __clz_tab
 *(.data*)
 *(.rodata)
 *(.rodata*)
 *(.gnu.linkonce.d*)
                0x00800160                . = ALIGN (0x2)
                0x00800160                _edata = .
                0x00800160                PROVIDE (__data_end, .)

.bss            0x00800160        0x6 load address 0x0000084c
                0x00800160                PROVIDE (__bss_start, .)
 *(.bss)
 .bss           0x00800160        0x0 c:/winavr-20080512/bin/../lib/gcc/avr/4.3.0/../../../../avr/lib/avr5/crtm16.o
 .bss           0x00800160        0x0 ./hd44780.o
 .bss           0x00800160        0x0 ./main.o
 .bss           0x00800160        0x0 c:/winavr-20080512/bin/../lib/gcc/avr/4.3.0/avr5\libgcc.a(_divmodhi4.o)
 .bss           0x00800160        0x0 c:/winavr-20080512/bin/../lib/gcc/avr/4.3.0/avr5\libgcc.a(_exit.o)
 .bss           0x00800160        0x0 c:/winavr-20080512/bin/../lib/gcc/avr/4.3.0/avr5\libgcc.a(_copy_data.o)
 .bss           0x00800160        0x0 c:/winavr-20080512/bin/../lib/gcc/avr/4.3.0/avr5\libgcc.a(_clear_bss.o)
 .bss           0x00800160        0x0 c:/winavr-20080512/bin/../lib/gcc/avr/4.3.0/avr5\libgcc.a(_si_to_sf.o)
 .bss           0x00800160        0x0 c:/winavr-20080512/bin/../lib/gcc/avr/4.3.0/avr5\libgcc.a(_udivmodhi4.o)
 .bss           0x00800160        0x0 c:/winavr-20080512/bin/../lib/gcc/avr/4.3.0/avr5\libgcc.a(_prologue.o)
 .bss           0x00800160        0x0 c:/winavr-20080512/bin/../lib/gcc/avr/4.3.0/avr5\libgcc.a(_epilogue.o)
 .bss           0x00800160        0x0 c:/winavr-20080512/bin/../lib/gcc/avr/4.3.0/avr5\libgcc.a(_clzsi2.o)
 .bss           0x00800160        0x0 c:/winavr-20080512/bin/../lib/gcc/avr/4.3.0/avr5\libgcc.a(_pack_sf.o)
 .bss           0x00800160        0x0 c:/winavr-20080512/bin/../lib/gcc/avr/4.3.0/avr5\libgcc.a(_clz.o)
 *(.bss*)
 *(COMMON)
 COMMON         0x00800160        0x6 ./main.o
                0x00800160                odl0
                0x00800162                flaga
                0x00800164                licznik
                0x00800166                PROVIDE (__bss_end, .)
                0x0000074c                __data_load_start = LOADADDR (.data)
                0x0000084c                __data_load_end = (__data_load_start + SIZEOF (.data))

.noinit         0x00800166        0x0
                0x00800166                PROVIDE (__noinit_start, .)
 *(.noinit*)
                0x00800166                PROVIDE (__noinit_end, .)
                0x00800166                _end = .
                0x00800166                PROVIDE (__heap_start, .)

.eeprom         0x00810000        0x0
 *(.eeprom*)
                0x00810000                __eeprom_end = .

.fuse
 *(.fuse)
 *(.lfuse)
 *(.hfuse)
 *(.efuse)

.lock
 *(.lock*)

.signature
 *(.signature*)

.stab
 *(.stab)

.stabstr
 *(.stabstr)

.stab.excl
 *(.stab.excl)

.stab.exclstr
 *(.stab.exclstr)

.stab.index
 *(.stab.index)

.stab.indexstr
 *(.stab.indexstr)

.comment
 *(.comment)

.debug
 *(.debug)

.line
 *(.line)

.debug_srcinfo
 *(.debug_srcinfo)

.debug_sfnames
 *(.debug_sfnames)

.debug_aranges
 *(.debug_aranges)

.debug_pubnames
 *(.debug_pubnames)

.debug_info
 *(.debug_info)
 *(.gnu.linkonce.wi.*)

.debug_abbrev
 *(.debug_abbrev)

.debug_line
 *(.debug_line)

.debug_frame
 *(.debug_frame)

.debug_str
 *(.debug_str)

.debug_loc
 *(.debug_loc)

.debug_macinfo
 *(.debug_macinfo)
OUTPUT(czujnik4.elf elf32-avr)
LOAD linker stubs
