Archive member included because of file (symbol)

c:/winavr-20080512/bin/../lib/gcc/avr/4.3.0/avr5\libgcc.a(_exit.o)
                              c:/winavr-20080512/bin/../lib/gcc/avr/4.3.0/../../../../avr/lib/avr5/crtm16.o (exit)
c:/winavr-20080512/bin/../lib/gcc/avr/4.3.0/avr5\libgcc.a(_copy_data.o)
                              ./LCD_lib.o (__do_copy_data)
c:/winavr-20080512/bin/../lib/gcc/avr/4.3.0/avr5\libgcc.a(_clear_bss.o)
                              ./LCD_lib.o (__do_clear_bss)
c:/winavr-20080512/bin/../lib/gcc/avr/4.3.0/avr5\libgcc.a(_fixunssfsi.o)
                              ./LCD_lib.o (__fixunssfsi)
c:/winavr-20080512/bin/../lib/gcc/avr/4.3.0/avr5\libgcc.a(_addsub_sf.o)
                              c:/winavr-20080512/bin/../lib/gcc/avr/4.3.0/avr5\libgcc.a(_fixunssfsi.o) (__subsf3)
c:/winavr-20080512/bin/../lib/gcc/avr/4.3.0/avr5\libgcc.a(_mul_sf.o)
                              ./LCD_lib.o (__mulsf3)
c:/winavr-20080512/bin/../lib/gcc/avr/4.3.0/avr5\libgcc.a(_gt_sf.o)
                              ./LCD_lib.o (__gtsf2)
c:/winavr-20080512/bin/../lib/gcc/avr/4.3.0/avr5\libgcc.a(_ge_sf.o)
                              c:/winavr-20080512/bin/../lib/gcc/avr/4.3.0/avr5\libgcc.a(_fixunssfsi.o) (__gesf2)
c:/winavr-20080512/bin/../lib/gcc/avr/4.3.0/avr5\libgcc.a(_lt_sf.o)
                              ./LCD_lib.o (__ltsf2)
c:/winavr-20080512/bin/../lib/gcc/avr/4.3.0/avr5\libgcc.a(_sf_to_si.o)
                              c:/winavr-20080512/bin/../lib/gcc/avr/4.3.0/avr5\libgcc.a(_fixunssfsi.o) (__fixsfsi)
c:/winavr-20080512/bin/../lib/gcc/avr/4.3.0/avr5\libgcc.a(_thenan_sf.o)
                              c:/winavr-20080512/bin/../lib/gcc/avr/4.3.0/avr5\libgcc.a(_addsub_sf.o) (__thenan_sf)
c:/winavr-20080512/bin/../lib/gcc/avr/4.3.0/avr5\libgcc.a(_prologue.o)
                              c:/winavr-20080512/bin/../lib/gcc/avr/4.3.0/avr5\libgcc.a(_addsub_sf.o) (__prologue_saves__)
c:/winavr-20080512/bin/../lib/gcc/avr/4.3.0/avr5\libgcc.a(_epilogue.o)
                              c:/winavr-20080512/bin/../lib/gcc/avr/4.3.0/avr5\libgcc.a(_addsub_sf.o) (__epilogue_restores__)
c:/winavr-20080512/bin/../lib/gcc/avr/4.3.0/avr5\libgcc.a(_pack_sf.o)
                              c:/winavr-20080512/bin/../lib/gcc/avr/4.3.0/avr5\libgcc.a(_addsub_sf.o) (__pack_f)
c:/winavr-20080512/bin/../lib/gcc/avr/4.3.0/avr5\libgcc.a(_unpack_sf.o)
                              c:/winavr-20080512/bin/../lib/gcc/avr/4.3.0/avr5\libgcc.a(_addsub_sf.o) (__unpack_f)
c:/winavr-20080512/bin/../lib/gcc/avr/4.3.0/avr5\libgcc.a(_fpcmp_parts_sf.o)
                              c:/winavr-20080512/bin/../lib/gcc/avr/4.3.0/avr5\libgcc.a(_gt_sf.o) (__fpcmp_parts_f)
c:/winavr-20080512/bin/../lib/gcc/avr/4.3.0/../../../../avr/lib/avr5\libc.a(itoa.o)
                              ./LM35.o (itoa)
c:/winavr-20080512/bin/../lib/gcc/avr/4.3.0/../../../../avr/lib/avr5\libc.a(strrev.o)
                              c:/winavr-20080512/bin/../lib/gcc/avr/4.3.0/../../../../avr/lib/avr5\libc.a(itoa.o) (strrev)
c:/winavr-20080512/bin/../lib/gcc/avr/4.3.0/avr5\libgcc.a(_udivmodhi4.o)
                              c:/winavr-20080512/bin/../lib/gcc/avr/4.3.0/../../../../avr/lib/avr5\libc.a(itoa.o) (__udivmodhi4)

Allocating common symbols
Common symbol       size              file

themp               0x4               ./LM35.o
value_high          0x2               ./LM35.o
value_low           0x2               ./LM35.o
value               0x2               ./LM35.o

Memory Configuration

Name             Origin             Length             Attributes
text             0x00000000         0x00020000         xr
data             0x00800060         0x0000ffa0         rw !x
eeprom           0x00810000         0x00010000         rw !x
fuse             0x00820000         0x00000400         rw !x
lock             0x00830000         0x00000400         rw !x
signature        0x00840000         0x00000400         rw !x
*default*        0x00000000         0xffffffff

Linker script and memory map

LOAD c:/winavr-20080512/bin/../lib/gcc/avr/4.3.0/../../../../avr/lib/avr5/crtm16.o
LOAD ./LCD_lib.o
LOAD ./LM35.o
LOAD c:/winavr-20080512/bin/../lib/gcc/avr/4.3.0/avr5\libgcc.a
LOAD c:/winavr-20080512/bin/../lib/gcc/avr/4.3.0/../../../../avr/lib/avr5\libc.a
LOAD c:/winavr-20080512/bin/../lib/gcc/avr/4.3.0/avr5\libgcc.a

.hash
 *(.hash)

.dynsym
 *(.dynsym)

.dynstr
 *(.dynstr)

.gnu.version
 *(.gnu.version)

.gnu.version_d
 *(.gnu.version_d)

.gnu.version_r
 *(.gnu.version_r)

.rel.init
 *(.rel.init)

.rela.init
 *(.rela.init)

.rel.text
 *(.rel.text)
 *(.rel.text.*)
 *(.rel.gnu.linkonce.t*)

.rela.text
 *(.rela.text)
 *(.rela.text.*)
 *(.rela.gnu.linkonce.t*)

.rel.fini
 *(.rel.fini)

.rela.fini
 *(.rela.fini)

.rel.rodata
 *(.rel.rodata)
 *(.rel.rodata.*)
 *(.rel.gnu.linkonce.r*)

.rela.rodata
 *(.rela.rodata)
 *(.rela.rodata.*)
 *(.rela.gnu.linkonce.r*)

.rel.data
 *(.rel.data)
 *(.rel.data.*)
 *(.rel.gnu.linkonce.d*)

.rela.data
 *(.rela.data)
 *(.rela.data.*)
 *(.rela.gnu.linkonce.d*)

.rel.ctors
 *(.rel.ctors)

.rela.ctors
 *(.rela.ctors)

.rel.dtors
 *(.rel.dtors)

.rela.dtors
 *(.rela.dtors)

.rel.got
 *(.rel.got)

.rela.got
 *(.rela.got)

.rel.bss
 *(.rel.bss)

.rela.bss
 *(.rela.bss)

.rel.plt
 *(.rel.plt)

.rela.plt
 *(.rela.plt)

.text           0x00000000     0x41d4
 *(.vectors)
 .vectors       0x00000000       0x54 c:/winavr-20080512/bin/../lib/gcc/avr/4.3.0/../../../../avr/lib/avr5/crtm16.o
                0x00000000                __vectors
                0x00000000                __vector_default
 *(.vectors)
 *(.progmem.gcc*)
 *(.progmem*)
                0x00000054                . = ALIGN (0x2)
                0x00000054                __trampolines_start = .
 *(.trampolines)
 .trampolines   0x00000054        0x0 linker stubs
 *(.trampolines*)
                0x00000054                __trampolines_end = .
 *(.jumptables)
 *(.jumptables*)
 *(.lowtext)
 *(.lowtext*)
                0x00000054                __ctors_start = .
 *(.ctors)
                0x00000054                __ctors_end = .
                0x00000054                __dtors_start = .
 *(.dtors)
                0x00000054                __dtors_end = .
 SORT(*)(.ctors)
 SORT(*)(.dtors)
 *(.init0)
 .init0         0x00000054        0x0 c:/winavr-20080512/bin/../lib/gcc/avr/4.3.0/../../../../avr/lib/avr5/crtm16.o
                0x00000054                __init
 *(.init0)
 *(.init1)
 *(.init1)
 *(.init2)
 .init2         0x00000054        0xc c:/winavr-20080512/bin/../lib/gcc/avr/4.3.0/../../../../avr/lib/avr5/crtm16.o
 *(.init2)
 *(.init3)
 *(.init3)
 *(.init4)
 .init4         0x00000060       0x16 c:/winavr-20080512/bin/../lib/gcc/avr/4.3.0/avr5\libgcc.a(_copy_data.o)
                0x00000060                __do_copy_data
 .init4         0x00000076       0x10 c:/winavr-20080512/bin/../lib/gcc/avr/4.3.0/avr5\libgcc.a(_clear_bss.o)
                0x00000076                __do_clear_bss
 *(.init4)
 *(.init5)
 *(.init5)
 *(.init6)
 *(.init6)
 *(.init7)
 *(.init7)
 *(.init8)
 *(.init8)
 *(.init9)
 .init9         0x00000086        0x8 c:/winavr-20080512/bin/../lib/gcc/avr/4.3.0/../../../../avr/lib/avr5/crtm16.o
 *(.init9)
 *(.text)
 .text          0x0000008e        0x4 c:/winavr-20080512/bin/../lib/gcc/avr/4.3.0/../../../../avr/lib/avr5/crtm16.o
                0x0000008e                __vector_1
                0x0000008e                __vector_12
                0x0000008e                __bad_interrupt
                0x0000008e                __vector_6
                0x0000008e                __vector_3
                0x0000008e                __vector_11
                0x0000008e                __vector_13
                0x0000008e                __vector_17
                0x0000008e                __vector_19
                0x0000008e                __vector_7
                0x0000008e                __vector_5
                0x0000008e                __vector_4
                0x0000008e                __vector_9
                0x0000008e                __vector_2
                0x0000008e                __vector_15
                0x0000008e                __vector_8
                0x0000008e                __vector_10
                0x0000008e                __vector_16
                0x0000008e                __vector_18
                0x0000008e                __vector_20
 .text          0x00000092     0x3418 ./LCD_lib.o
                0x00000092                LCDinit
                0x00003346                LCDcursorLeft
                0x0000330a                LCDcursorOFF
                0x000032e2                LCDcursorOn
                0x00002d6a                LCDsendCommand
                0x000032b4                LCDshiftRight
                0x00003374                LCDcursorRight
                0x00003422                LCDdefinechar
                0x00003286                LCDshiftLeft
                0x0000295a                LCDsendChar
                0x00003332                LCDvisible
                0x00003192                LCDhome
                0x000033a2                CopyStringtoLCD
                0x000032f6                LCDcursorOnBlink
                0x000031f6                LCDGotoXY
                0x0000317e                LCDclr
                0x000031a6                LCDstring
                0x0000331e                LCDblank
 .text          0x000034aa      0x17a ./LM35.o
                0x0000359c                main
                0x000034aa                __vector_14
 .text          0x00003624        0x0 c:/winavr-20080512/bin/../lib/gcc/avr/4.3.0/avr5\libgcc.a(_exit.o)
 .text          0x00003624        0x0 c:/winavr-20080512/bin/../lib/gcc/avr/4.3.0/avr5\libgcc.a(_copy_data.o)
 .text          0x00003624        0x0 c:/winavr-20080512/bin/../lib/gcc/avr/4.3.0/avr5\libgcc.a(_clear_bss.o)
 .text          0x00003624       0x58 c:/winavr-20080512/bin/../lib/gcc/avr/4.3.0/avr5\libgcc.a(_fixunssfsi.o)
                0x00003624                __fixunssfsi
 .text          0x0000367c      0x354 c:/winavr-20080512/bin/../lib/gcc/avr/4.3.0/avr5\libgcc.a(_addsub_sf.o)
                0x00003914                __subsf3
                0x00003976                __addsf3
 .text          0x000039d0      0x1f4 c:/winavr-20080512/bin/../lib/gcc/avr/4.3.0/avr5\libgcc.a(_mul_sf.o)
                0x000039d0                __mulsf3
 .text          0x00003bc4       0x60 c:/winavr-20080512/bin/../lib/gcc/avr/4.3.0/avr5\libgcc.a(_gt_sf.o)
                0x00003bc4                __gtsf2
 .text          0x00003c24       0x60 c:/winavr-20080512/bin/../lib/gcc/avr/4.3.0/avr5\libgcc.a(_ge_sf.o)
                0x00003c24                __gesf2
 .text          0x00003c84       0x60 c:/winavr-20080512/bin/../lib/gcc/avr/4.3.0/avr5\libgcc.a(_lt_sf.o)
                0x00003c84                __ltsf2
 .text          0x00003ce4       0xa8 c:/winavr-20080512/bin/../lib/gcc/avr/4.3.0/avr5\libgcc.a(_sf_to_si.o)
                0x00003ce4                __fixsfsi
 .text          0x00003d8c        0x0 c:/winavr-20080512/bin/../lib/gcc/avr/4.3.0/avr5\libgcc.a(_thenan_sf.o)
 .text          0x00003d8c        0x0 c:/winavr-20080512/bin/../lib/gcc/avr/4.3.0/avr5\libgcc.a(_prologue.o)
 .text          0x00003d8c        0x0 c:/winavr-20080512/bin/../lib/gcc/avr/4.3.0/avr5\libgcc.a(_epilogue.o)
 .text          0x00003d8c      0x1aa c:/winavr-20080512/bin/../lib/gcc/avr/4.3.0/avr5\libgcc.a(_pack_sf.o)
                0x00003d8c                __pack_f
 .text          0x00003f36       0xf0 c:/winavr-20080512/bin/../lib/gcc/avr/4.3.0/avr5\libgcc.a(_unpack_sf.o)
                0x00003f36                __unpack_f
 .text          0x00004026       0xb2 c:/winavr-20080512/bin/../lib/gcc/avr/4.3.0/avr5\libgcc.a(_fpcmp_parts_sf.o)
                0x00004026                __fpcmp_parts_f
 .text          0x000040d8       0x42 c:/winavr-20080512/bin/../lib/gcc/avr/4.3.0/../../../../avr/lib/avr5\libc.a(itoa.o)
                0x000040d8                itoa
 .text          0x0000411a       0x20 c:/winavr-20080512/bin/../lib/gcc/avr/4.3.0/../../../../avr/lib/avr5\libc.a(strrev.o)
                0x0000411a                strrev
 .text          0x0000413a        0x0 c:/winavr-20080512/bin/../lib/gcc/avr/4.3.0/avr5\libgcc.a(_udivmodhi4.o)
                0x0000413a                . = ALIGN (0x2)
 *(.text.*)
 .text.libgcc   0x0000413a        0x0 c:/winavr-20080512/bin/../lib/gcc/avr/4.3.0/avr5\libgcc.a(_exit.o)
 .text.libgcc   0x0000413a        0x0 c:/winavr-20080512/bin/../lib/gcc/avr/4.3.0/avr5\libgcc.a(_copy_data.o)
 .text.libgcc   0x0000413a        0x0 c:/winavr-20080512/bin/../lib/gcc/avr/4.3.0/avr5\libgcc.a(_clear_bss.o)
 .text.libgcc   0x0000413a       0x38 c:/winavr-20080512/bin/../lib/gcc/avr/4.3.0/avr5\libgcc.a(_prologue.o)
                0x0000413a                __prologue_saves__
 .text.libgcc   0x00004172       0x36 c:/winavr-20080512/bin/../lib/gcc/avr/4.3.0/avr5\libgcc.a(_epilogue.o)
                0x00004172                __epilogue_restores__
 .text.libgcc   0x000041a8       0x28 c:/winavr-20080512/bin/../lib/gcc/avr/4.3.0/avr5\libgcc.a(_udivmodhi4.o)
                0x000041a8                __udivmodhi4
                0x000041d0                . = ALIGN (0x2)
 *(.fini9)
 .fini9         0x000041d0        0x0 c:/winavr-20080512/bin/../lib/gcc/avr/4.3.0/avr5\libgcc.a(_exit.o)
                0x000041d0                exit
                0x000041d0                _exit
 *(.fini9)
 *(.fini8)
 *(.fini8)
 *(.fini7)
 *(.fini7)
 *(.fini6)
 *(.fini6)
 *(.fini5)
 *(.fini5)
 *(.fini4)
 *(.fini4)
 *(.fini3)
 *(.fini3)
 *(.fini2)
 *(.fini2)
 *(.fini1)
 *(.fini1)
 *(.fini0)
 .fini0         0x000041d0        0x4 c:/winavr-20080512/bin/../lib/gcc/avr/4.3.0/avr5\libgcc.a(_exit.o)
 *(.fini0)
                0x000041d4                _etext = .

.data           0x00800060       0x1e load address 0x000041d4
                0x00800060                PROVIDE (__data_start, .)
 *(.data)
 .data          0x00800060        0x0 c:/winavr-20080512/bin/../lib/gcc/avr/4.3.0/../../../../avr/lib/avr5/crtm16.o
 .data          0x00800060        0x0 ./LCD_lib.o
 .data          0x00800060       0x16 ./LM35.o
                0x00800072                kropka
                0x00800074                jednostka
                0x0080006f                wartosc
                0x00800060                tytul
 .data          0x00800076        0x0 c:/winavr-20080512/bin/../lib/gcc/avr/4.3.0/avr5\libgcc.a(_exit.o)
 .data          0x00800076        0x0 c:/winavr-20080512/bin/../lib/gcc/avr/4.3.0/avr5\libgcc.a(_copy_data.o)
 .data          0x00800076        0x0 c:/winavr-20080512/bin/../lib/gcc/avr/4.3.0/avr5\libgcc.a(_clear_bss.o)
 .data          0x00800076        0x0 c:/winavr-20080512/bin/../lib/gcc/avr/4.3.0/avr5\libgcc.a(_fixunssfsi.o)
 .data          0x00800076        0x0 c:/winavr-20080512/bin/../lib/gcc/avr/4.3.0/avr5\libgcc.a(_addsub_sf.o)
 .data          0x00800076        0x0 c:/winavr-20080512/bin/../lib/gcc/avr/4.3.0/avr5\libgcc.a(_mul_sf.o)
 .data          0x00800076        0x0 c:/winavr-20080512/bin/../lib/gcc/avr/4.3.0/avr5\libgcc.a(_gt_sf.o)
 .data          0x00800076        0x0 c:/winavr-20080512/bin/../lib/gcc/avr/4.3.0/avr5\libgcc.a(_ge_sf.o)
 .data          0x00800076        0x0 c:/winavr-20080512/bin/../lib/gcc/avr/4.3.0/avr5\libgcc.a(_lt_sf.o)
 .data          0x00800076        0x0 c:/winavr-20080512/bin/../lib/gcc/avr/4.3.0/avr5\libgcc.a(_sf_to_si.o)
 .data          0x00800076        0x8 c:/winavr-20080512/bin/../lib/gcc/avr/4.3.0/avr5\libgcc.a(_thenan_sf.o)
                0x00800076                __thenan_sf
 .data          0x0080007e        0x0 c:/winavr-20080512/bin/../lib/gcc/avr/4.3.0/avr5\libgcc.a(_prologue.o)
 .data          0x0080007e        0x0 c:/winavr-20080512/bin/../lib/gcc/avr/4.3.0/avr5\libgcc.a(_epilogue.o)
 .data          0x0080007e        0x0 c:/winavr-20080512/bin/../lib/gcc/avr/4.3.0/avr5\libgcc.a(_pack_sf.o)
 .data          0x0080007e        0x0 c:/winavr-20080512/bin/../lib/gcc/avr/4.3.0/avr5\libgcc.a(_unpack_sf.o)
 .data          0x0080007e        0x0 c:/winavr-20080512/bin/../lib/gcc/avr/4.3.0/avr5\libgcc.a(_fpcmp_parts_sf.o)
 .data          0x0080007e        0x0 c:/winavr-20080512/bin/../lib/gcc/avr/4.3.0/../../../../avr/lib/avr5\libc.a(itoa.o)
 .data          0x0080007e        0x0 c:/winavr-20080512/bin/../lib/gcc/avr/4.3.0/../../../../avr/lib/avr5\libc.a(strrev.o)
 .data          0x0080007e        0x0 c:/winavr-20080512/bin/../lib/gcc/avr/4.3.0/avr5\libgcc.a(_udivmodhi4.o)
 *(.data*)
 *(.rodata)
 *(.rodata*)
 *(.gnu.linkonce.d*)
                0x0080007e                . = ALIGN (0x2)
                0x0080007e                _edata = .
                0x0080007e                PROVIDE (__data_end, .)

.bss            0x0080007e        0xa load address 0x000041f2
                0x0080007e                PROVIDE (__bss_start, .)
 *(.bss)
 .bss           0x0080007e        0x0 c:/winavr-20080512/bin/../lib/gcc/avr/4.3.0/../../../../avr/lib/avr5/crtm16.o
 .bss           0x0080007e        0x0 ./LCD_lib.o
 .bss           0x0080007e        0x0 ./LM35.o
 .bss           0x0080007e        0x0 c:/winavr-20080512/bin/../lib/gcc/avr/4.3.0/avr5\libgcc.a(_exit.o)
 .bss           0x0080007e        0x0 c:/winavr-20080512/bin/../lib/gcc/avr/4.3.0/avr5\libgcc.a(_copy_data.o)
 .bss           0x0080007e        0x0 c:/winavr-20080512/bin/../lib/gcc/avr/4.3.0/avr5\libgcc.a(_clear_bss.o)
 .bss           0x0080007e        0x0 c:/winavr-20080512/bin/../lib/gcc/avr/4.3.0/avr5\libgcc.a(_fixunssfsi.o)
 .bss           0x0080007e        0x0 c:/winavr-20080512/bin/../lib/gcc/avr/4.3.0/avr5\libgcc.a(_addsub_sf.o)
 .bss           0x0080007e        0x0 c:/winavr-20080512/bin/../lib/gcc/avr/4.3.0/avr5\libgcc.a(_mul_sf.o)
 .bss           0x0080007e        0x0 c:/winavr-20080512/bin/../lib/gcc/avr/4.3.0/avr5\libgcc.a(_gt_sf.o)
 .bss           0x0080007e        0x0 c:/winavr-20080512/bin/../lib/gcc/avr/4.3.0/avr5\libgcc.a(_ge_sf.o)
 .bss           0x0080007e        0x0 c:/winavr-20080512/bin/../lib/gcc/avr/4.3.0/avr5\libgcc.a(_lt_sf.o)
 .bss           0x0080007e        0x0 c:/winavr-20080512/bin/../lib/gcc/avr/4.3.0/avr5\libgcc.a(_sf_to_si.o)
 .bss           0x0080007e        0x0 c:/winavr-20080512/bin/../lib/gcc/avr/4.3.0/avr5\libgcc.a(_thenan_sf.o)
 .bss           0x0080007e        0x0 c:/winavr-20080512/bin/../lib/gcc/avr/4.3.0/avr5\libgcc.a(_prologue.o)
 .bss           0x0080007e        0x0 c:/winavr-20080512/bin/../lib/gcc/avr/4.3.0/avr5\libgcc.a(_epilogue.o)
 .bss           0x0080007e        0x0 c:/winavr-20080512/bin/../lib/gcc/avr/4.3.0/avr5\libgcc.a(_pack_sf.o)
 .bss           0x0080007e        0x0 c:/winavr-20080512/bin/../lib/gcc/avr/4.3.0/avr5\libgcc.a(_unpack_sf.o)
 .bss           0x0080007e        0x0 c:/winavr-20080512/bin/../lib/gcc/avr/4.3.0/avr5\libgcc.a(_fpcmp_parts_sf.o)
 .bss           0x0080007e        0x0 c:/winavr-20080512/bin/../lib/gcc/avr/4.3.0/../../../../avr/lib/avr5\libc.a(itoa.o)
 .bss           0x0080007e        0x0 c:/winavr-20080512/bin/../lib/gcc/avr/4.3.0/../../../../avr/lib/avr5\libc.a(strrev.o)
 .bss           0x0080007e        0x0 c:/winavr-20080512/bin/../lib/gcc/avr/4.3.0/avr5\libgcc.a(_udivmodhi4.o)
 *(.bss*)
 *(COMMON)
 COMMON         0x0080007e        0xa ./LM35.o
                0x0080007e                themp
                0x00800082                value_high
                0x00800084                value_low
                0x00800086                value
                0x00800088                PROVIDE (__bss_end, .)
                0x000041d4                __data_load_start = LOADADDR (.data)
                0x000041f2                __data_load_end = (__data_load_start + SIZEOF (.data))

.noinit         0x00800088        0x0
                0x00800088                PROVIDE (__noinit_start, .)
 *(.noinit*)
                0x00800088                PROVIDE (__noinit_end, .)
                0x00800088                _end = .
                0x00800088                PROVIDE (__heap_start, .)

.eeprom         0x00810000        0x0
 *(.eeprom*)
                0x00810000                __eeprom_end = .

.fuse
 *(.fuse)
 *(.lfuse)
 *(.hfuse)
 *(.efuse)

.lock
 *(.lock*)

.signature
 *(.signature*)

.stab           0x00000000     0x2a00
 *(.stab)
 .stab          0x00000000     0x2724 ./LCD_lib.o
 .stab          0x00002724      0x2dc ./LM35.o
                                0x4b0 (size before relaxing)

.stabstr        0x00000000      0xc03
 *(.stabstr)
 .stabstr       0x00000000      0xc03 ./LCD_lib.o

.stab.excl
 *(.stab.excl)

.stab.exclstr
 *(.stab.exclstr)

.stab.index
 *(.stab.index)

.stab.indexstr
 *(.stab.indexstr)

.comment
 *(.comment)

.debug
 *(.debug)

.line
 *(.line)

.debug_srcinfo
 *(.debug_srcinfo)

.debug_sfnames
 *(.debug_sfnames)

.debug_aranges
 *(.debug_aranges)

.debug_pubnames
 *(.debug_pubnames)

.debug_info
 *(.debug_info)
 *(.gnu.linkonce.wi.*)

.debug_abbrev
 *(.debug_abbrev)

.debug_line
 *(.debug_line)

.debug_frame
 *(.debug_frame)

.debug_str
 *(.debug_str)

.debug_loc
 *(.debug_loc)

.debug_macinfo
 *(.debug_macinfo)
OUTPUT(therm.elf elf32-avr)
LOAD linker stubs
