Archive member included because of file (symbol)

c:/winavr-20080512/bin/../lib/gcc/avr/4.3.0/avr5\libgcc.a(_exit.o)
                              c:/winavr-20080512/bin/../lib/gcc/avr/4.3.0/../../../../avr/lib/avr5/crtm16.o (exit)
c:/winavr-20080512/bin/../lib/gcc/avr/4.3.0/avr5\libgcc.a(_copy_data.o)
                              ./hd44780.o (__do_copy_data)
c:/winavr-20080512/bin/../lib/gcc/avr/4.3.0/avr5\libgcc.a(_clear_bss.o)
                              ./hd44780.o (__do_clear_bss)
c:/winavr-20080512/bin/../lib/gcc/avr/4.3.0/avr5\libgcc.a(_fixunssfsi.o)
                              ./hd44780.o (__fixunssfsi)
c:/winavr-20080512/bin/../lib/gcc/avr/4.3.0/avr5\libgcc.a(_addsub_sf.o)
                              c:/winavr-20080512/bin/../lib/gcc/avr/4.3.0/avr5\libgcc.a(_fixunssfsi.o) (__subsf3)
c:/winavr-20080512/bin/../lib/gcc/avr/4.3.0/avr5\libgcc.a(_mul_sf.o)
                              ./hd44780.o (__mulsf3)
c:/winavr-20080512/bin/../lib/gcc/avr/4.3.0/avr5\libgcc.a(_div_sf.o)
                              ./hd44780.o (__divsf3)
c:/winavr-20080512/bin/../lib/gcc/avr/4.3.0/avr5\libgcc.a(_gt_sf.o)
                              ./hd44780.o (__gtsf2)
c:/winavr-20080512/bin/../lib/gcc/avr/4.3.0/avr5\libgcc.a(_ge_sf.o)
                              c:/winavr-20080512/bin/../lib/gcc/avr/4.3.0/avr5\libgcc.a(_fixunssfsi.o) (__gesf2)
c:/winavr-20080512/bin/../lib/gcc/avr/4.3.0/avr5\libgcc.a(_lt_sf.o)
                              ./hd44780.o (__ltsf2)
c:/winavr-20080512/bin/../lib/gcc/avr/4.3.0/avr5\libgcc.a(_sf_to_si.o)
                              c:/winavr-20080512/bin/../lib/gcc/avr/4.3.0/avr5\libgcc.a(_fixunssfsi.o) (__fixsfsi)
c:/winavr-20080512/bin/../lib/gcc/avr/4.3.0/avr5\libgcc.a(_thenan_sf.o)
                              c:/winavr-20080512/bin/../lib/gcc/avr/4.3.0/avr5\libgcc.a(_addsub_sf.o) (__thenan_sf)
c:/winavr-20080512/bin/../lib/gcc/avr/4.3.0/avr5\libgcc.a(_usi_to_sf.o)
                              ./main.o (__floatunsisf)
c:/winavr-20080512/bin/../lib/gcc/avr/4.3.0/avr5\libgcc.a(_prologue.o)
                              c:/winavr-20080512/bin/../lib/gcc/avr/4.3.0/avr5\libgcc.a(_addsub_sf.o) (__prologue_saves__)
c:/winavr-20080512/bin/../lib/gcc/avr/4.3.0/avr5\libgcc.a(_epilogue.o)
                              c:/winavr-20080512/bin/../lib/gcc/avr/4.3.0/avr5\libgcc.a(_addsub_sf.o) (__epilogue_restores__)
c:/winavr-20080512/bin/../lib/gcc/avr/4.3.0/avr5\libgcc.a(_clzsi2.o)
                              c:/winavr-20080512/bin/../lib/gcc/avr/4.3.0/avr5\libgcc.a(_usi_to_sf.o) (__clzsi2)
c:/winavr-20080512/bin/../lib/gcc/avr/4.3.0/avr5\libgcc.a(_pack_sf.o)
                              c:/winavr-20080512/bin/../lib/gcc/avr/4.3.0/avr5\libgcc.a(_addsub_sf.o) (__pack_f)
c:/winavr-20080512/bin/../lib/gcc/avr/4.3.0/avr5\libgcc.a(_unpack_sf.o)
                              c:/winavr-20080512/bin/../lib/gcc/avr/4.3.0/avr5\libgcc.a(_addsub_sf.o) (__unpack_f)
c:/winavr-20080512/bin/../lib/gcc/avr/4.3.0/avr5\libgcc.a(_fpcmp_parts_sf.o)
                              c:/winavr-20080512/bin/../lib/gcc/avr/4.3.0/avr5\libgcc.a(_gt_sf.o) (__fpcmp_parts_f)
c:/winavr-20080512/bin/../lib/gcc/avr/4.3.0/avr5\libgcc.a(_clz.o)
                              c:/winavr-20080512/bin/../lib/gcc/avr/4.3.0/avr5\libgcc.a(_clzsi2.o) (__clz_tab)
c:/winavr-20080512/bin/../lib/gcc/avr/4.3.0/../../../../avr/lib/avr5\libc.a(dtostrf.o)
                              ./main.o (dtostrf)
c:/winavr-20080512/bin/../lib/gcc/avr/4.3.0/../../../../avr/lib/avr5\libc.a(dtoa_prf.o)
                              c:/winavr-20080512/bin/../lib/gcc/avr/4.3.0/../../../../avr/lib/avr5\libc.a(dtostrf.o) (dtoa_prf)
c:/winavr-20080512/bin/../lib/gcc/avr/4.3.0/../../../../avr/lib/avr5\libc.a(ftoa_engine.o)
                              c:/winavr-20080512/bin/../lib/gcc/avr/4.3.0/../../../../avr/lib/avr5\libc.a(dtoa_prf.o) (__ftoa_engine)

Allocating common symbols
Common symbol       size              file

ending_edge         0x2               ./main.o
distance            0x4               ./main.o
clocks              0x4               ./main.o
buf_lcd1            0x10              ./main.o
count_pulse         0x2               ./main.o
triggered           0x1               ./main.o
trigger             0x1               ./main.o
starting_edge       0x2               ./main.o

Memory Configuration

Name             Origin             Length             Attributes
text             0x00000000         0x00020000         xr
data             0x00800060         0x0000ffa0         rw !x
eeprom           0x00810000         0x00010000         rw !x
fuse             0x00820000         0x00000400         rw !x
lock             0x00830000         0x00000400         rw !x
signature        0x00840000         0x00000400         rw !x
*default*        0x00000000         0xffffffff

Linker script and memory map

LOAD c:/winavr-20080512/bin/../lib/gcc/avr/4.3.0/../../../../avr/lib/avr5/crtm16.o
LOAD ./hd44780.o
LOAD ./main.o
LOAD c:/winavr-20080512/bin/../lib/gcc/avr/4.3.0/avr5\libgcc.a
LOAD c:/winavr-20080512/bin/../lib/gcc/avr/4.3.0/../../../../avr/lib/avr5\libc.a
LOAD c:/winavr-20080512/bin/../lib/gcc/avr/4.3.0/avr5\libgcc.a

.hash
 *(.hash)

.dynsym
 *(.dynsym)

.dynstr
 *(.dynstr)

.gnu.version
 *(.gnu.version)

.gnu.version_d
 *(.gnu.version_d)

.gnu.version_r
 *(.gnu.version_r)

.rel.init
 *(.rel.init)

.rela.init
 *(.rela.init)

.rel.text
 *(.rel.text)
 *(.rel.text.*)
 *(.rel.gnu.linkonce.t*)

.rela.text
 *(.rela.text)
 *(.rela.text.*)
 *(.rela.gnu.linkonce.t*)

.rel.fini
 *(.rel.fini)

.rela.fini
 *(.rela.fini)

.rel.rodata
 *(.rel.rodata)
 *(.rel.rodata.*)
 *(.rel.gnu.linkonce.r*)

.rela.rodata
 *(.rela.rodata)
 *(.rela.rodata.*)
 *(.rela.gnu.linkonce.r*)

.rel.data
 *(.rel.data)
 *(.rel.data.*)
 *(.rel.gnu.linkonce.d*)

.rela.data
 *(.rela.data)
 *(.rela.data.*)
 *(.rela.gnu.linkonce.d*)

.rel.ctors
 *(.rel.ctors)

.rela.ctors
 *(.rela.ctors)

.rel.dtors
 *(.rel.dtors)

.rela.dtors
 *(.rela.dtors)

.rel.got
 *(.rel.got)

.rela.got
 *(.rela.got)

.rel.bss
 *(.rel.bss)

.rela.bss
 *(.rela.bss)

.rel.plt
 *(.rel.plt)

.rela.plt
 *(.rela.plt)

.text           0x00000000     0x238e
 *(.vectors)
 .vectors       0x00000000       0x54 c:/winavr-20080512/bin/../lib/gcc/avr/4.3.0/../../../../avr/lib/avr5/crtm16.o
                0x00000000                __vectors
 *(.vectors)
 *(.progmem.gcc*)
 *(.progmem*)
 .progmem.data  0x00000054       0xfa c:/winavr-20080512/bin/../lib/gcc/avr/4.3.0/../../../../avr/lib/avr5\libc.a(ftoa_engine.o)
                0x0000014e                . = ALIGN (0x2)
                0x0000014e                __trampolines_start = .
 *(.trampolines)
 .trampolines   0x0000014e        0x0 linker stubs
 *(.trampolines*)
                0x0000014e                __trampolines_end = .
 *(.jumptables)
 *(.jumptables*)
 *(.lowtext)
 *(.lowtext*)
                0x0000014e                __ctors_start = .
 *(.ctors)
                0x0000014e                __ctors_end = .
                0x0000014e                __dtors_start = .
 *(.dtors)
                0x0000014e                __dtors_end = .
 SORT(*)(.ctors)
 SORT(*)(.dtors)
 *(.init0)
 .init0         0x0000014e        0x0 c:/winavr-20080512/bin/../lib/gcc/avr/4.3.0/../../../../avr/lib/avr5/crtm16.o
                0x0000014e                __init
 *(.init0)
 *(.init1)
 *(.init1)
 *(.init2)
 .init2         0x0000014e        0xc c:/winavr-20080512/bin/../lib/gcc/avr/4.3.0/../../../../avr/lib/avr5/crtm16.o
 *(.init2)
 *(.init3)
 *(.init3)
 *(.init4)
 .init4         0x0000015a       0x16 c:/winavr-20080512/bin/../lib/gcc/avr/4.3.0/avr5\libgcc.a(_copy_data.o)
                0x0000015a                __do_copy_data
 .init4         0x00000170       0x10 c:/winavr-20080512/bin/../lib/gcc/avr/4.3.0/avr5\libgcc.a(_clear_bss.o)
                0x00000170                __do_clear_bss
 *(.init4)
 *(.init5)
 *(.init5)
 *(.init6)
 *(.init6)
 *(.init7)
 *(.init7)
 *(.init8)
 *(.init8)
 *(.init9)
 .init9         0x00000180        0x8 c:/winavr-20080512/bin/../lib/gcc/avr/4.3.0/../../../../avr/lib/avr5/crtm16.o
 *(.init9)
 *(.text)
 .text          0x00000188        0x4 c:/winavr-20080512/bin/../lib/gcc/avr/4.3.0/../../../../avr/lib/avr5/crtm16.o
                0x00000188                __vector_1
                0x00000188                __vector_12
                0x00000188                __bad_interrupt
                0x00000188                __vector_6
                0x00000188                __vector_3
                0x00000188                __vector_11
                0x00000188                __vector_13
                0x00000188                __vector_17
                0x00000188                __vector_19
                0x00000188                __vector_7
                0x00000188                __vector_4
                0x00000188                __vector_9
                0x00000188                __vector_2
                0x00000188                __vector_15
                0x00000188                __vector_14
                0x00000188                __vector_10
                0x00000188                __vector_16
                0x00000188                __vector_18
                0x00000188                __vector_20
 .text          0x0000018c      0xa30 ./hd44780.o
                0x00000250                _LCD_Write
                0x000004c6                LCD_GoTo
                0x00000502                LCD_Clear
                0x0000048c                LCD_WriteText
                0x0000018c                _LCD_OutNibble
                0x00000722                LCD_Initalize
                0x00000612                LCD_Home
                0x00000464                LCD_WriteData
                0x0000043c                LCD_WriteCommand
 .text          0x00000bbc      0x512 ./main.o
                0x00000e66                init_ports
                0x00000c82                __vector_default
                0x00000bf6                __vector_5
                0x00000e94                main
                0x00000ca2                send_trigger
                0x00000bbc                __vector_8
 .text          0x000010ce        0x0 c:/winavr-20080512/bin/../lib/gcc/avr/4.3.0/avr5\libgcc.a(_exit.o)
 .text          0x000010ce        0x0 c:/winavr-20080512/bin/../lib/gcc/avr/4.3.0/avr5\libgcc.a(_copy_data.o)
 .text          0x000010ce        0x0 c:/winavr-20080512/bin/../lib/gcc/avr/4.3.0/avr5\libgcc.a(_clear_bss.o)
 .text          0x000010ce       0x58 c:/winavr-20080512/bin/../lib/gcc/avr/4.3.0/avr5\libgcc.a(_fixunssfsi.o)
                0x000010ce                __fixunssfsi
 .text          0x00001126      0x354 c:/winavr-20080512/bin/../lib/gcc/avr/4.3.0/avr5\libgcc.a(_addsub_sf.o)
                0x000013be                __subsf3
                0x00001420                __addsf3
 .text          0x0000147a      0x1f4 c:/winavr-20080512/bin/../lib/gcc/avr/4.3.0/avr5\libgcc.a(_mul_sf.o)
                0x0000147a                __mulsf3
 .text          0x0000166e      0x154 c:/winavr-20080512/bin/../lib/gcc/avr/4.3.0/avr5\libgcc.a(_div_sf.o)
                0x0000166e                __divsf3
 .text          0x000017c2       0x60 c:/winavr-20080512/bin/../lib/gcc/avr/4.3.0/avr5\libgcc.a(_gt_sf.o)
                0x000017c2                __gtsf2
 .text          0x00001822       0x60 c:/winavr-20080512/bin/../lib/gcc/avr/4.3.0/avr5\libgcc.a(_ge_sf.o)
                0x00001822                __gesf2
 .text          0x00001882       0x60 c:/winavr-20080512/bin/../lib/gcc/avr/4.3.0/avr5\libgcc.a(_lt_sf.o)
                0x00001882                __ltsf2
 .text          0x000018e2       0xa8 c:/winavr-20080512/bin/../lib/gcc/avr/4.3.0/avr5\libgcc.a(_sf_to_si.o)
                0x000018e2                __fixsfsi
 .text          0x0000198a        0x0 c:/winavr-20080512/bin/../lib/gcc/avr/4.3.0/avr5\libgcc.a(_thenan_sf.o)
 .text          0x0000198a       0xf2 c:/winavr-20080512/bin/../lib/gcc/avr/4.3.0/avr5\libgcc.a(_usi_to_sf.o)
                0x0000198a                __floatunsisf
 .text          0x00001a7c        0x0 c:/winavr-20080512/bin/../lib/gcc/avr/4.3.0/avr5\libgcc.a(_prologue.o)
 .text          0x00001a7c        0x0 c:/winavr-20080512/bin/../lib/gcc/avr/4.3.0/avr5\libgcc.a(_epilogue.o)
 .text          0x00001a7c       0x9e c:/winavr-20080512/bin/../lib/gcc/avr/4.3.0/avr5\libgcc.a(_clzsi2.o)
                0x00001a7c                __clzsi2
 .text          0x00001b1a      0x1aa c:/winavr-20080512/bin/../lib/gcc/avr/4.3.0/avr5\libgcc.a(_pack_sf.o)
                0x00001b1a                __pack_f
 .text          0x00001cc4       0xf0 c:/winavr-20080512/bin/../lib/gcc/avr/4.3.0/avr5\libgcc.a(_unpack_sf.o)
                0x00001cc4                __unpack_f
 .text          0x00001db4       0xb2 c:/winavr-20080512/bin/../lib/gcc/avr/4.3.0/avr5\libgcc.a(_fpcmp_parts_sf.o)
                0x00001db4                __fpcmp_parts_f
 .text          0x00001e66        0x0 c:/winavr-20080512/bin/../lib/gcc/avr/4.3.0/avr5\libgcc.a(_clz.o)
 .text          0x00001e66       0x42 c:/winavr-20080512/bin/../lib/gcc/avr/4.3.0/../../../../avr/lib/avr5\libc.a(dtostrf.o)
                0x00001e66                dtostrf
 .text          0x00001ea8      0x2c4 c:/winavr-20080512/bin/../lib/gcc/avr/4.3.0/../../../../avr/lib/avr5\libc.a(dtoa_prf.o)
                0x00001ea8                dtoa_prf
 .text          0x0000216c      0x1b0 c:/winavr-20080512/bin/../lib/gcc/avr/4.3.0/../../../../avr/lib/avr5\libc.a(ftoa_engine.o)
                0x0000216c                __ftoa_engine
                0x0000231c                . = ALIGN (0x2)
 *(.text.*)
 .text.libgcc   0x0000231c        0x0 c:/winavr-20080512/bin/../lib/gcc/avr/4.3.0/avr5\libgcc.a(_exit.o)
 .text.libgcc   0x0000231c        0x0 c:/winavr-20080512/bin/../lib/gcc/avr/4.3.0/avr5\libgcc.a(_copy_data.o)
 .text.libgcc   0x0000231c        0x0 c:/winavr-20080512/bin/../lib/gcc/avr/4.3.0/avr5\libgcc.a(_clear_bss.o)
 .text.libgcc   0x0000231c       0x38 c:/winavr-20080512/bin/../lib/gcc/avr/4.3.0/avr5\libgcc.a(_prologue.o)
                0x0000231c                __prologue_saves__
 .text.libgcc   0x00002354       0x36 c:/winavr-20080512/bin/../lib/gcc/avr/4.3.0/avr5\libgcc.a(_epilogue.o)
                0x00002354                __epilogue_restores__
                0x0000238a                . = ALIGN (0x2)
 *(.fini9)
 .fini9         0x0000238a        0x0 c:/winavr-20080512/bin/../lib/gcc/avr/4.3.0/avr5\libgcc.a(_exit.o)
                0x0000238a                exit
                0x0000238a                _exit
 *(.fini9)
 *(.fini8)
 *(.fini8)
 *(.fini7)
 *(.fini7)
 *(.fini6)
 *(.fini6)
 *(.fini5)
 *(.fini5)
 *(.fini4)
 *(.fini4)
 *(.fini3)
 *(.fini3)
 *(.fini2)
 *(.fini2)
 *(.fini1)
 *(.fini1)
 *(.fini0)
 .fini0         0x0000238a        0x4 c:/winavr-20080512/bin/../lib/gcc/avr/4.3.0/avr5\libgcc.a(_exit.o)
 *(.fini0)
                0x0000238e                _etext = .

.data           0x00800060      0x118 load address 0x0000238e
                0x00800060                PROVIDE (__data_start, .)
 *(.data)
 .data          0x00800060        0x0 c:/winavr-20080512/bin/../lib/gcc/avr/4.3.0/../../../../avr/lib/avr5/crtm16.o
 .data          0x00800060        0x0 ./hd44780.o
 .data          0x00800060       0x10 ./main.o
 .data          0x00800070        0x0 c:/winavr-20080512/bin/../lib/gcc/avr/4.3.0/avr5\libgcc.a(_exit.o)
 .data          0x00800070        0x0 c:/winavr-20080512/bin/../lib/gcc/avr/4.3.0/avr5\libgcc.a(_copy_data.o)
 .data          0x00800070        0x0 c:/winavr-20080512/bin/../lib/gcc/avr/4.3.0/avr5\libgcc.a(_clear_bss.o)
 .data          0x00800070        0x0 c:/winavr-20080512/bin/../lib/gcc/avr/4.3.0/avr5\libgcc.a(_fixunssfsi.o)
 .data          0x00800070        0x0 c:/winavr-20080512/bin/../lib/gcc/avr/4.3.0/avr5\libgcc.a(_addsub_sf.o)
 .data          0x00800070        0x0 c:/winavr-20080512/bin/../lib/gcc/avr/4.3.0/avr5\libgcc.a(_mul_sf.o)
 .data          0x00800070        0x0 c:/winavr-20080512/bin/../lib/gcc/avr/4.3.0/avr5\libgcc.a(_div_sf.o)
 .data          0x00800070        0x0 c:/winavr-20080512/bin/../lib/gcc/avr/4.3.0/avr5\libgcc.a(_gt_sf.o)
 .data          0x00800070        0x0 c:/winavr-20080512/bin/../lib/gcc/avr/4.3.0/avr5\libgcc.a(_ge_sf.o)
 .data          0x00800070        0x0 c:/winavr-20080512/bin/../lib/gcc/avr/4.3.0/avr5\libgcc.a(_lt_sf.o)
 .data          0x00800070        0x0 c:/winavr-20080512/bin/../lib/gcc/avr/4.3.0/avr5\libgcc.a(_sf_to_si.o)
 .data          0x00800070        0x8 c:/winavr-20080512/bin/../lib/gcc/avr/4.3.0/avr5\libgcc.a(_thenan_sf.o)
                0x00800070                __thenan_sf
 .data          0x00800078        0x0 c:/winavr-20080512/bin/../lib/gcc/avr/4.3.0/avr5\libgcc.a(_usi_to_sf.o)
 .data          0x00800078        0x0 c:/winavr-20080512/bin/../lib/gcc/avr/4.3.0/avr5\libgcc.a(_prologue.o)
 .data          0x00800078        0x0 c:/winavr-20080512/bin/../lib/gcc/avr/4.3.0/avr5\libgcc.a(_epilogue.o)
 .data          0x00800078        0x0 c:/winavr-20080512/bin/../lib/gcc/avr/4.3.0/avr5\libgcc.a(_clzsi2.o)
 .data          0x00800078        0x0 c:/winavr-20080512/bin/../lib/gcc/avr/4.3.0/avr5\libgcc.a(_pack_sf.o)
 .data          0x00800078        0x0 c:/winavr-20080512/bin/../lib/gcc/avr/4.3.0/avr5\libgcc.a(_unpack_sf.o)
 .data          0x00800078        0x0 c:/winavr-20080512/bin/../lib/gcc/avr/4.3.0/avr5\libgcc.a(_fpcmp_parts_sf.o)
 .data          0x00800078      0x100 c:/winavr-20080512/bin/../lib/gcc/avr/4.3.0/avr5\libgcc.a(_clz.o)
                0x00800078                __clz_tab
 .data          0x00800178        0x0 c:/winavr-20080512/bin/../lib/gcc/avr/4.3.0/../../../../avr/lib/avr5\libc.a(dtostrf.o)
 .data          0x00800178        0x0 c:/winavr-20080512/bin/../lib/gcc/avr/4.3.0/../../../../avr/lib/avr5\libc.a(dtoa_prf.o)
 .data          0x00800178        0x0 c:/winavr-20080512/bin/../lib/gcc/avr/4.3.0/../../../../avr/lib/avr5\libc.a(ftoa_engine.o)
 *(.data*)
 *(.rodata)
 *(.rodata*)
 *(.gnu.linkonce.d*)
                0x00800178                . = ALIGN (0x2)
                0x00800178                _edata = .
                0x00800178                PROVIDE (__data_end, .)

.bss            0x00800178       0x20 load address 0x000024a6
                0x00800178                PROVIDE (__bss_start, .)
 *(.bss)
 .bss           0x00800178        0x0 c:/winavr-20080512/bin/../lib/gcc/avr/4.3.0/../../../../avr/lib/avr5/crtm16.o
 .bss           0x00800178        0x0 ./hd44780.o
 .bss           0x00800178        0x0 ./main.o
 .bss           0x00800178        0x0 c:/winavr-20080512/bin/../lib/gcc/avr/4.3.0/avr5\libgcc.a(_exit.o)
 .bss           0x00800178        0x0 c:/winavr-20080512/bin/../lib/gcc/avr/4.3.0/avr5\libgcc.a(_copy_data.o)
 .bss           0x00800178        0x0 c:/winavr-20080512/bin/../lib/gcc/avr/4.3.0/avr5\libgcc.a(_clear_bss.o)
 .bss           0x00800178        0x0 c:/winavr-20080512/bin/../lib/gcc/avr/4.3.0/avr5\libgcc.a(_fixunssfsi.o)
 .bss           0x00800178        0x0 c:/winavr-20080512/bin/../lib/gcc/avr/4.3.0/avr5\libgcc.a(_addsub_sf.o)
 .bss           0x00800178        0x0 c:/winavr-20080512/bin/../lib/gcc/avr/4.3.0/avr5\libgcc.a(_mul_sf.o)
 .bss           0x00800178        0x0 c:/winavr-20080512/bin/../lib/gcc/avr/4.3.0/avr5\libgcc.a(_div_sf.o)
 .bss           0x00800178        0x0 c:/winavr-20080512/bin/../lib/gcc/avr/4.3.0/avr5\libgcc.a(_gt_sf.o)
 .bss           0x00800178        0x0 c:/winavr-20080512/bin/../lib/gcc/avr/4.3.0/avr5\libgcc.a(_ge_sf.o)
 .bss           0x00800178        0x0 c:/winavr-20080512/bin/../lib/gcc/avr/4.3.0/avr5\libgcc.a(_lt_sf.o)
 .bss           0x00800178        0x0 c:/winavr-20080512/bin/../lib/gcc/avr/4.3.0/avr5\libgcc.a(_sf_to_si.o)
 .bss           0x00800178        0x0 c:/winavr-20080512/bin/../lib/gcc/avr/4.3.0/avr5\libgcc.a(_thenan_sf.o)
 .bss           0x00800178        0x0 c:/winavr-20080512/bin/../lib/gcc/avr/4.3.0/avr5\libgcc.a(_usi_to_sf.o)
 .bss           0x00800178        0x0 c:/winavr-20080512/bin/../lib/gcc/avr/4.3.0/avr5\libgcc.a(_prologue.o)
 .bss           0x00800178        0x0 c:/winavr-20080512/bin/../lib/gcc/avr/4.3.0/avr5\libgcc.a(_epilogue.o)
 .bss           0x00800178        0x0 c:/winavr-20080512/bin/../lib/gcc/avr/4.3.0/avr5\libgcc.a(_clzsi2.o)
 .bss           0x00800178        0x0 c:/winavr-20080512/bin/../lib/gcc/avr/4.3.0/avr5\libgcc.a(_pack_sf.o)
 .bss           0x00800178        0x0 c:/winavr-20080512/bin/../lib/gcc/avr/4.3.0/avr5\libgcc.a(_unpack_sf.o)
 .bss           0x00800178        0x0 c:/winavr-20080512/bin/../lib/gcc/avr/4.3.0/avr5\libgcc.a(_fpcmp_parts_sf.o)
 .bss           0x00800178        0x0 c:/winavr-20080512/bin/../lib/gcc/avr/4.3.0/avr5\libgcc.a(_clz.o)
 .bss           0x00800178        0x0 c:/winavr-20080512/bin/../lib/gcc/avr/4.3.0/../../../../avr/lib/avr5\libc.a(dtostrf.o)
 .bss           0x00800178        0x0 c:/winavr-20080512/bin/../lib/gcc/avr/4.3.0/../../../../avr/lib/avr5\libc.a(dtoa_prf.o)
 .bss           0x00800178        0x0 c:/winavr-20080512/bin/../lib/gcc/avr/4.3.0/../../../../avr/lib/avr5\libc.a(ftoa_engine.o)
 *(.bss*)
 *(COMMON)
 COMMON         0x00800178       0x20 ./main.o
                0x00800178                ending_edge
                0x0080017a                distance
                0x0080017e                clocks
                0x00800182                buf_lcd1
                0x00800192                count_pulse
                0x00800194                triggered
                0x00800195                trigger
                0x00800196                starting_edge
                0x00800198                PROVIDE (__bss_end, .)
                0x0000238e                __data_load_start = LOADADDR (.data)
                0x000024a6                __data_load_end = (__data_load_start + SIZEOF (.data))

.noinit         0x00800198        0x0
                0x00800198                PROVIDE (__noinit_start, .)
 *(.noinit*)
                0x00800198                PROVIDE (__noinit_end, .)
                0x00800198                _end = .
                0x00800198                PROVIDE (__heap_start, .)

.eeprom         0x00810000        0x0
 *(.eeprom*)
                0x00810000                __eeprom_end = .

.fuse
 *(.fuse)
 *(.lfuse)
 *(.hfuse)
 *(.efuse)

.lock
 *(.lock*)

.signature
 *(.signature*)

.stab           0x00000000     0x1260
 *(.stab)
 .stab          0x00000000      0xc3c ./hd44780.o
 .stab          0x00000c3c      0x624 ./main.o
                                0x7e0 (size before relaxing)

.stabstr        0x00000000      0xb09
 *(.stabstr)
 .stabstr       0x00000000      0xb09 ./hd44780.o

.stab.excl
 *(.stab.excl)

.stab.exclstr
 *(.stab.exclstr)

.stab.index
 *(.stab.index)

.stab.indexstr
 *(.stab.indexstr)

.comment
 *(.comment)

.debug
 *(.debug)

.line
 *(.line)

.debug_srcinfo
 *(.debug_srcinfo)

.debug_sfnames
 *(.debug_sfnames)

.debug_aranges
 *(.debug_aranges)

.debug_pubnames
 *(.debug_pubnames)

.debug_info
 *(.debug_info)
 *(.gnu.linkonce.wi.*)

.debug_abbrev
 *(.debug_abbrev)

.debug_line
 *(.debug_line)

.debug_frame
 *(.debug_frame)

.debug_str
 *(.debug_str)

.debug_loc
 *(.debug_loc)

.debug_macinfo
 *(.debug_macinfo)
OUTPUT(czujnik2.elf elf32-avr)
LOAD linker stubs
